exports[`<Dashboard /> renders without crashing 1`] = `
<div
  className="Dashboard"
  style={
    Object {
      "marginTop": "5rem",
    }
  }>
  <Row
    bsClass="row"
    componentClass="div">
    <Col
      bsClass="col"
      componentClass="div"
      sm={10}
      smOffset={1}
      xs={12} />
  </Row>
</div>
`;
