exports[`<Dashboard /> renders without crashing 1`] = `
<div
  className="Dashboard"
  style={
    Object {
      "marginTop": "30rem",
      "textAlign": "center",
    }
  }>
  <Row
    bsClass="row"
    componentClass="div">
    <Col
      bsClass="col"
      componentClass="div"
      sm={10}
      smOffset={1}
      xs={12}>
      <AsyncContainer
        promise={[Function]}
        renderOnReject={[Function]}
        renderOnResolve={[Function]}
        spinnerSize={80}
        spinnerThickness={5} />
    </Col>
  </Row>
</div>
`;
